Collecting data at 2026-05-20 22:55:01
Data written to /home/admin/honeypot-dashboard/data.json
  Cowrie: 67 login attempts today
  Suricata: 459 alerts today
  DShield: 587 firewall hits today
[main 3f55bcc] Auto update 2026-05-20 22:55
 1 file changed, 6 insertions(+), 6 deletions(-)
To https://github.com/therossfisher/honeypot-dashboard.git
   cbc55ad..3f55bcc  main -> main
Collecting data at 2026-05-20 23:00:01
Data written to /home/admin/honeypot-dashboard/data.json
  Cowrie: 67 login attempts today
  Suricata: 458 alerts today
  DShield: 589 firewall hits today
[main 883dde6] Auto update 2026-05-20 23:00
 1 file changed, 25 insertions(+), 25 deletions(-)
To https://github.com/therossfisher/honeypot-dashboard.git
 ! [rejected]        main -> main (fetch first)
error: failed to push some refs to 'https://github.com/therossfisher/honeypot-dashboard.git'
hint: Updates were rejected because the remote contains work that you do not
hint: have locally. This is usually caused by another repository pushing to
hint: the same ref. If you want to integrate the remote changes, use
hint: 'git pull' before pushing again.
hint: See the 'Note about fast-forwards' in 'git push --help' for details.
Collecting data at 2026-05-20 23:05:01
Data written to /home/admin/honeypot-dashboard/data.json
  Cowrie: 67 login attempts today
  Suricata: 456 alerts today
  DShield: 591 firewall hits today
[main 0facec2] Auto update 2026-05-20 23:05
 1 file changed, 35 insertions(+), 35 deletions(-)
To https://github.com/therossfisher/honeypot-dashboard.git
   4661897..0facec2  main -> main
Collecting data at 2026-05-20 23:10:01
Data written to /home/admin/honeypot-dashboard/data.json
  Cowrie: 67 login attempts today
  Suricata: 452 alerts today
  DShield: 593 firewall hits today
[main 0a91caa] Auto update 2026-05-20 23:10
 1 file changed, 33 insertions(+), 33 deletions(-)
To https://github.com/therossfisher/honeypot-dashboard.git
   0facec2..0a91caa  main -> main
Collecting data at 2026-05-20 23:15:01
Data written to /home/admin/honeypot-dashboard/data.json
  Cowrie: 67 login attempts today
  Suricata: 452 alerts today
  DShield: 594 firewall hits today
[main 84b398a] Auto update 2026-05-20 23:15
 1 file changed, 29 insertions(+), 29 deletions(-)
To https://github.com/therossfisher/honeypot-dashboard.git
   0a91caa..84b398a  main -> main
Collecting data at 2026-05-20 23:20:02
Data written to /home/admin/honeypot-dashboard/data.json
  Cowrie: 67 login attempts today
  Suricata: 446 alerts today
  DShield: 596 firewall hits today
[main 9e1b29b] Auto update 2026-05-20 23:20
 1 file changed, 35 insertions(+), 35 deletions(-)
To https://github.com/therossfisher/honeypot-dashboard.git
   84b398a..9e1b29b  main -> main
Collecting data at 2026-05-20 23:25:01
Data written to /home/admin/honeypot-dashboard/data.json
  Cowrie: 67 login attempts today
  Suricata: 443 alerts today
  DShield: 597 firewall hits today
[main 6e5c4cc] Auto update 2026-05-20 23:25
 1 file changed, 27 insertions(+), 27 deletions(-)
To https://github.com/therossfisher/honeypot-dashboard.git
   9e1b29b..6e5c4cc  main -> main
Collecting data at 2026-05-20 23:30:02
Data written to /home/admin/honeypot-dashboard/data.json
  Cowrie: 67 login attempts today
  Suricata: 439 alerts today
  DShield: 599 firewall hits today
[main ad1382d] Auto update 2026-05-20 23:30
 1 file changed, 32 insertions(+), 32 deletions(-)
To https://github.com/therossfisher/honeypot-dashboard.git
   6e5c4cc..ad1382d  main -> main
Collecting data at 2026-05-20 23:35:01
Data written to /home/admin/honeypot-dashboard/data.json
  Cowrie: 67 login attempts today
  Suricata: 435 alerts today
  DShield: 606 firewall hits today
[main 9a96e32] Auto update 2026-05-20 23:35
 1 file changed, 60 insertions(+), 60 deletions(-)
To https://github.com/therossfisher/honeypot-dashboard.git
   ad1382d..9a96e32  main -> main
Collecting data at 2026-05-20 23:40:01
Data written to /home/admin/honeypot-dashboard/data.json
  Cowrie: 67 login attempts today
  Suricata: 434 alerts today
  DShield: 610 firewall hits today
[main 7f0c3ea] Auto update 2026-05-20 23:40
 1 file changed, 61 insertions(+), 61 deletions(-)
To https://github.com/therossfisher/honeypot-dashboard.git
   9a96e32..7f0c3ea  main -> main
Collecting data at 2026-05-20 23:45:01
Data written to /home/admin/honeypot-dashboard/data.json
  Cowrie: 67 login attempts today
  Suricata: 433 alerts today
  DShield: 610 firewall hits today
[main 2a4bb53] Auto update 2026-05-20 23:45
 1 file changed, 6 insertions(+), 6 deletions(-)
To https://github.com/therossfisher/honeypot-dashboard.git
   7f0c3ea..2a4bb53  main -> main
Collecting data at 2026-05-20 23:50:01
Data written to /home/admin/honeypot-dashboard/data.json
  Cowrie: 67 login attempts today
  Suricata: 432 alerts today
  DShield: 615 firewall hits today
[main 1dddde1] Auto update 2026-05-20 23:50
 1 file changed, 50 insertions(+), 50 deletions(-)
To https://github.com/therossfisher/honeypot-dashboard.git
   2a4bb53..1dddde1  main -> main
Collecting data at 2026-05-20 23:55:02
Data written to /home/admin/honeypot-dashboard/data.json
  Cowrie: 68 login attempts today
  Suricata: 431 alerts today
  DShield: 619 firewall hits today
[main 67f1a05] Auto update 2026-05-20 23:55
 1 file changed, 79 insertions(+), 79 deletions(-)
To https://github.com/therossfisher/honeypot-dashboard.git
   1dddde1..67f1a05  main -> main
Collecting data at 2026-05-21 00:00:01
Data written to /home/admin/honeypot-dashboard/data.json
  Cowrie: 0 login attempts today
  Suricata: 432 alerts today
  DShield: 625 firewall hits today
[main 638448e] Auto update 2026-05-21 00:00
 1 file changed, 76 insertions(+), 435 deletions(-)
To https://github.com/therossfisher/honeypot-dashboard.git
   67f1a05..638448e  main -> main
Collecting data at 2026-05-21 00:05:02
Data written to /home/admin/honeypot-dashboard/data.json
  Cowrie: 2 login attempts today
  Suricata: 428 alerts today
  DShield: 0 firewall hits today
[main 9932480] Auto update 2026-05-21 00:05
 1 file changed, 67 insertions(+), 168 deletions(-)
To https://github.com/therossfisher/honeypot-dashboard.git
   638448e..9932480  main -> main
Collecting data at 2026-05-21 00:10:01
Data written to /home/admin/honeypot-dashboard/data.json
  Cowrie: 2 login attempts today
  Suricata: 428 alerts today
  DShield: 1 firewall hits today
[main 1138e5e] Auto update 2026-05-21 00:10
 1 file changed, 35 insertions(+), 20 deletions(-)
To https://github.com/therossfisher/honeypot-dashboard.git
   9932480..1138e5e  main -> main
Collecting data at 2026-05-21 00:15:02
Data written to /home/admin/honeypot-dashboard/data.json
  Cowrie: 2 login attempts today
  Suricata: 425 alerts today
  DShield: 2 firewall hits today
[main d679b7c] Auto update 2026-05-21 00:15
 1 file changed, 34 insertions(+), 22 deletions(-)
To https://github.com/therossfisher/honeypot-dashboard.git
   1138e5e..d679b7c  main -> main
Collecting data at 2026-05-21 00:20:01
Data written to /home/admin/honeypot-dashboard/data.json
  Cowrie: 2 login attempts today
  Suricata: 425 alerts today
  DShield: 4 firewall hits today
[main bb69482] Auto update 2026-05-21 00:20
 1 file changed, 75 insertions(+), 55 deletions(-)
To https://github.com/therossfisher/honeypot-dashboard.git
   d679b7c..bb69482  main -> main
Collecting data at 2026-05-21 00:25:01
Data written to /home/admin/honeypot-dashboard/data.json
  Cowrie: 2 login attempts today
  Suricata: 425 alerts today
  DShield: 5 firewall hits today
[main c2c2724] Auto update 2026-05-21 00:25
 1 file changed, 35 insertions(+), 27 deletions(-)
To https://github.com/therossfisher/honeypot-dashboard.git
   bb69482..c2c2724  main -> main
Collecting data at 2026-05-21 00:30:01
Data written to /home/admin/honeypot-dashboard/data.json
  Cowrie: 2 login attempts today
  Suricata: 424 alerts today
  DShield: 10 firewall hits today
[main 1417b29] Auto update 2026-05-21 00:30
 1 file changed, 70 insertions(+), 26 deletions(-)
To https://github.com/therossfisher/honeypot-dashboard.git
   c2c2724..1417b29  main -> main
Collecting data at 2026-05-21 00:35:01
Data written to /home/admin/honeypot-dashboard/data.json
  Cowrie: 2 login attempts today
  Suricata: 420 alerts today
  DShield: 13 firewall hits today
[main b4aa1aa] Auto update 2026-05-21 00:35
 1 file changed, 36 insertions(+), 24 deletions(-)
To https://github.com/therossfisher/honeypot-dashboard.git
   1417b29..b4aa1aa  main -> main
Collecting data at 2026-05-21 00:40:01
Data written to /home/admin/honeypot-dashboard/data.json
  Cowrie: 2 login attempts today
  Suricata: 420 alerts today
  DShield: 15 firewall hits today
[main b1f0211] Auto update 2026-05-21 00:40
 1 file changed, 33 insertions(+), 25 deletions(-)
To https://github.com/therossfisher/honeypot-dashboard.git
   b4aa1aa..b1f0211  main -> main
Collecting data at 2026-05-21 00:45:01
Data written to /home/admin/honeypot-dashboard/data.json
  Cowrie: 2 login attempts today
  Suricata: 421 alerts today
  DShield: 16 firewall hits today
[main b141c06] Auto update 2026-05-21 00:45
 1 file changed, 26 insertions(+), 22 deletions(-)
To https://github.com/therossfisher/honeypot-dashboard.git
   b1f0211..b141c06  main -> main
Collecting data at 2026-05-21 00:50:01
Data written to /home/admin/honeypot-dashboard/data.json
  Cowrie: 2 login attempts today
  Suricata: 422 alerts today
  DShield: 17 firewall hits today
[main 8bcd53b] Auto update 2026-05-21 00:50
 1 file changed, 18 insertions(+), 14 deletions(-)
To https://github.com/therossfisher/honeypot-dashboard.git
   b141c06..8bcd53b  main -> main
Collecting data at 2026-05-21 00:55:01
Data written to /home/admin/honeypot-dashboard/data.json
  Cowrie: 3 login attempts today
  Suricata: 429 alerts today
  DShield: 24 firewall hits today
[main be42917] Auto update 2026-05-21 00:55
 1 file changed, 145 insertions(+), 110 deletions(-)
To https://github.com/therossfisher/honeypot-dashboard.git
   8bcd53b..be42917  main -> main
Collecting data at 2026-05-21 01:00:01
Data written to /home/admin/honeypot-dashboard/data.json
  Cowrie: 4 login attempts today
  Suricata: 429 alerts today
  DShield: 26 firewall hits today
[main 0a630a7] Auto update 2026-05-21 01:00
 1 file changed, 50 insertions(+), 35 deletions(-)
To https://github.com/therossfisher/honeypot-dashboard.git
   be42917..0a630a7  main -> main
Collecting data at 2026-05-21 01:05:02
Data written to /home/admin/honeypot-dashboard/data.json
  Cowrie: 6 login attempts today
  Suricata: 433 alerts today
  DShield: 31 firewall hits today
[main cd06906] Auto update 2026-05-21 01:05
 1 file changed, 118 insertions(+), 78 deletions(-)
To https://github.com/therossfisher/honeypot-dashboard.git
   0a630a7..cd06906  main -> main
Collecting data at 2026-05-21 01:10:01
Data written to /home/admin/honeypot-dashboard/data.json
  Cowrie: 8 login attempts today
  Suricata: 435 alerts today
  DShield: 35 firewall hits today
[main 6e4231b] Auto update 2026-05-21 01:10
 1 file changed, 82 insertions(+), 60 deletions(-)
To https://github.com/therossfisher/honeypot-dashboard.git
   cd06906..6e4231b  main -> main
Collecting data at 2026-05-21 01:15:01
Data written to /home/admin/honeypot-dashboard/data.json
  Cowrie: 11 login attempts today
  Suricata: 438 alerts today
  DShield: 38 firewall hits today
[main eee51d1] Auto update 2026-05-21 01:15
 1 file changed, 88 insertions(+), 47 deletions(-)
To https://github.com/therossfisher/honeypot-dashboard.git
   6e4231b..eee51d1  main -> main
Collecting data at 2026-05-21 01:20:01
Data written to /home/admin/honeypot-dashboard/data.json
  Cowrie: 13 login attempts today
  Suricata: 440 alerts today
  DShield: 41 firewall hits today
[main 41a2737] Auto update 2026-05-21 01:20
 1 file changed, 63 insertions(+), 41 deletions(-)
To https://github.com/therossfisher/honeypot-dashboard.git
   eee51d1..41a2737  main -> main
Collecting data at 2026-05-21 01:25:02
Data written to /home/admin/honeypot-dashboard/data.json
  Cowrie: 15 login attempts today
  Suricata: 440 alerts today
  DShield: 43 firewall hits today
[main cffd756] Auto update 2026-05-21 01:25
 1 file changed, 60 insertions(+), 46 deletions(-)
To https://github.com/therossfisher/honeypot-dashboard.git
   41a2737..cffd756  main -> main
Collecting data at 2026-05-21 01:30:01
Data written to /home/admin/honeypot-dashboard/data.json
  Cowrie: 16 login attempts today
  Suricata: 444 alerts today
  DShield: 49 firewall hits today
[main 0e92b8f] Auto update 2026-05-21 01:30
 1 file changed, 96 insertions(+), 89 deletions(-)
To https://github.com/therossfisher/honeypot-dashboard.git
   cffd756..0e92b8f  main -> main
Collecting data at 2026-05-21 01:35:01
Data written to /home/admin/honeypot-dashboard/data.json
  Cowrie: 16 login attempts today
  Suricata: 447 alerts today
  DShield: 52 firewall hits today
[main f642a04] Auto update 2026-05-21 01:35
 1 file changed, 49 insertions(+), 49 deletions(-)
To https://github.com/therossfisher/honeypot-dashboard.git
   0e92b8f..f642a04  main -> main
Collecting data at 2026-05-21 01:40:01
Data written to /home/admin/honeypot-dashboard/data.json
  Cowrie: 16 login attempts today
  Suricata: 450 alerts today
  DShield: 57 firewall hits today
[main 298ac0f] Auto update 2026-05-21 01:40
 1 file changed, 65 insertions(+), 57 deletions(-)
To https://github.com/therossfisher/honeypot-dashboard.git
   f642a04..298ac0f  main -> main
Collecting data at 2026-05-21 01:45:02
Data written to /home/admin/honeypot-dashboard/data.json
  Cowrie: 16 login attempts today
  Suricata: 453 alerts today
  DShield: 59 firewall hits today
[main 5abab66] Auto update 2026-05-21 01:45
 1 file changed, 41 insertions(+), 41 deletions(-)
To https://github.com/therossfisher/honeypot-dashboard.git
   298ac0f..5abab66  main -> main
Collecting data at 2026-05-21 01:50:01
Data written to /home/admin/honeypot-dashboard/data.json
  Cowrie: 18 login attempts today
  Suricata: 455 alerts today
  DShield: 62 firewall hits today
[main f8f9978] Auto update 2026-05-21 01:50
 1 file changed, 104 insertions(+), 72 deletions(-)
To https://github.com/therossfisher/honeypot-dashboard.git
   5abab66..f8f9978  main -> main
Collecting data at 2026-05-21 01:55:02
Data written to /home/admin/honeypot-dashboard/data.json
  Cowrie: 20 login attempts today
  Suricata: 457 alerts today
  DShield: 65 firewall hits today
[main ac09376] Auto update 2026-05-21 01:55
 1 file changed, 69 insertions(+), 55 deletions(-)
To https://github.com/therossfisher/honeypot-dashboard.git
   f8f9978..ac09376  main -> main
Collecting data at 2026-05-21 02:00:02
Data written to /home/admin/honeypot-dashboard/data.json
  Cowrie: 21 login attempts today
  Suricata: 461 alerts today
  DShield: 70 firewall hits today
[main 41be1ac] Auto update 2026-05-21 02:00
 1 file changed, 78 insertions(+), 74 deletions(-)
To https://github.com/therossfisher/honeypot-dashboard.git
   ac09376..41be1ac  main -> main
Collecting data at 2026-05-21 02:05:01
Data written to /home/admin/honeypot-dashboard/data.json
  Cowrie: 23 login attempts today
  Suricata: 461 alerts today
  DShield: 73 firewall hits today
[main 009635a] Auto update 2026-05-21 02:05
 1 file changed, 82 insertions(+), 73 deletions(-)
To https://github.com/therossfisher/honeypot-dashboard.git
   41be1ac..009635a  main -> main
Collecting data at 2026-05-21 02:10:01
Data written to /home/admin/honeypot-dashboard/data.json
  Cowrie: 25 login attempts today
  Suricata: 462 alerts today
  DShield: 76 firewall hits today
[main 8500885] Auto update 2026-05-21 02:10
 1 file changed, 58 insertions(+), 58 deletions(-)
To https://github.com/therossfisher/honeypot-dashboard.git
   009635a..8500885  main -> main
Collecting data at 2026-05-21 02:15:01
Data written to /home/admin/honeypot-dashboard/data.json
  Cowrie: 27 login attempts today
  Suricata: 466 alerts today
  DShield: 81 firewall hits today
[main bc55b60] Auto update 2026-05-21 02:15
 1 file changed, 88 insertions(+), 88 deletions(-)
To https://github.com/therossfisher/honeypot-dashboard.git
   8500885..bc55b60  main -> main
Collecting data at 2026-05-21 02:20:01
Data written to /home/admin/honeypot-dashboard/data.json
  Cowrie: 28 login attempts today
  Suricata: 466 alerts today
  DShield: 84 firewall hits today
[main 5da1c2b] Auto update 2026-05-21 02:20
 1 file changed, 46 insertions(+), 46 deletions(-)
To https://github.com/therossfisher/honeypot-dashboard.git
   bc55b60..5da1c2b  main -> main
Collecting data at 2026-05-21 02:25:02
Data written to /home/admin/honeypot-dashboard/data.json
  Cowrie: 30 login attempts today
  Suricata: 465 alerts today
  DShield: 89 firewall hits today
[main c18eba8] Auto update 2026-05-21 02:25
 1 file changed, 80 insertions(+), 80 deletions(-)
To https://github.com/therossfisher/honeypot-dashboard.git
   5da1c2b..c18eba8  main -> main
Collecting data at 2026-05-21 02:30:01
Data written to /home/admin/honeypot-dashboard/data.json
  Cowrie: 32 login attempts today
  Suricata: 469 alerts today
  DShield: 93 firewall hits today
[main 412b311] Auto update 2026-05-21 02:30
 1 file changed, 96 insertions(+), 96 deletions(-)
To https://github.com/therossfisher/honeypot-dashboard.git
   c18eba8..412b311  main -> main
Collecting data at 2026-05-21 02:35:02
Data written to /home/admin/honeypot-dashboard/data.json
  Cowrie: 33 login attempts today
  Suricata: 471 alerts today
  DShield: 98 firewall hits today
[main 2ac5193] Auto update 2026-05-21 02:35
 1 file changed, 77 insertions(+), 77 deletions(-)
To https://github.com/therossfisher/honeypot-dashboard.git
   412b311..2ac5193  main -> main
Collecting data at 2026-05-21 02:40:02
Data written to /home/admin/honeypot-dashboard/data.json
  Cowrie: 35 login attempts today
  Suricata: 464 alerts today
  DShield: 100 firewall hits today
[main 4a4c32c] Auto update 2026-05-21 02:40
 1 file changed, 64 insertions(+), 64 deletions(-)
To https://github.com/therossfisher/honeypot-dashboard.git
   2ac5193..4a4c32c  main -> main
Collecting data at 2026-05-21 02:45:02
Data written to /home/admin/honeypot-dashboard/data.json
  Cowrie: 37 login attempts today
  Suricata: 469 alerts today
  DShield: 109 firewall hits today
[main 7568943] Auto update 2026-05-21 02:45
 1 file changed, 112 insertions(+), 108 deletions(-)
To https://github.com/therossfisher/honeypot-dashboard.git
   4a4c32c..7568943  main -> main
Collecting data at 2026-05-21 02:50:02
Data written to /home/admin/honeypot-dashboard/data.json
  Cowrie: 39 login attempts today
  Suricata: 471 alerts today
  DShield: 111 firewall hits today
[main 56061a1] Auto update 2026-05-21 02:50
 1 file changed, 58 insertions(+), 58 deletions(-)
To https://github.com/therossfisher/honeypot-dashboard.git
   7568943..56061a1  main -> main
Collecting data at 2026-05-21 02:55:01
Data written to /home/admin/honeypot-dashboard/data.json
  Cowrie: 41 login attempts today
  Suricata: 471 alerts today
  DShield: 114 firewall hits today
[main eb731d0] Auto update 2026-05-21 02:55
 1 file changed, 67 insertions(+), 67 deletions(-)
To https://github.com/therossfisher/honeypot-dashboard.git
   56061a1..eb731d0  main -> main
Collecting data at 2026-05-21 03:00:01
Data written to /home/admin/honeypot-dashboard/data.json
  Cowrie: 42 login attempts today
  Suricata: 478 alerts today
  DShield: 119 firewall hits today
[main e044de4] Auto update 2026-05-21 03:00
 1 file changed, 107 insertions(+), 103 deletions(-)
To https://github.com/therossfisher/honeypot-dashboard.git
   eb731d0..e044de4  main -> main
Collecting data at 2026-05-21 03:05:01
Data written to /home/admin/honeypot-dashboard/data.json
  Cowrie: 44 login attempts today
  Suricata: 479 alerts today
  DShield: 121 firewall hits today
[main 32d2005] Auto update 2026-05-21 03:05
 1 file changed, 58 insertions(+), 58 deletions(-)
To https://github.com/therossfisher/honeypot-dashboard.git
   e044de4..32d2005  main -> main
Collecting data at 2026-05-21 03:10:01
Data written to /home/admin/honeypot-dashboard/data.json
  Cowrie: 46 login attempts today
  Suricata: 478 alerts today
  DShield: 126 firewall hits today
[main 5f31f50] Auto update 2026-05-21 03:10
 1 file changed, 91 insertions(+), 91 deletions(-)
To https://github.com/therossfisher/honeypot-dashboard.git
   32d2005..5f31f50  main -> main
Collecting data at 2026-05-21 03:15:01
Data written to /home/admin/honeypot-dashboard/data.json
  Cowrie: 48 login attempts today
  Suricata: 479 alerts today
  DShield: 128 firewall hits today
[main 7a7009a] Auto update 2026-05-21 03:15
 1 file changed, 56 insertions(+), 56 deletions(-)
To https://github.com/therossfisher/honeypot-dashboard.git
   5f31f50..7a7009a  main -> main
Collecting data at 2026-05-21 03:20:01
Data written to /home/admin/honeypot-dashboard/data.json
  Cowrie: 50 login attempts today
  Suricata: 479 alerts today
  DShield: 134 firewall hits today
[main 7c59051] Auto update 2026-05-21 03:20
 1 file changed, 69 insertions(+), 69 deletions(-)
To https://github.com/therossfisher/honeypot-dashboard.git
   7a7009a..7c59051  main -> main
Collecting data at 2026-05-21 03:25:01
Data written to /home/admin/honeypot-dashboard/data.json
  Cowrie: 51 login attempts today
  Suricata: 478 alerts today
  DShield: 135 firewall hits today
[main e5eb043] Auto update 2026-05-21 03:25
 1 file changed, 35 insertions(+), 35 deletions(-)
To https://github.com/therossfisher/honeypot-dashboard.git
   7c59051..e5eb043  main -> main
Collecting data at 2026-05-21 03:30:01
Data written to /home/admin/honeypot-dashboard/data.json
  Cowrie: 53 login attempts today
  Suricata: 480 alerts today
  DShield: 139 firewall hits today
[main 2d43721] Auto update 2026-05-21 03:30
 1 file changed, 84 insertions(+), 84 deletions(-)
To https://github.com/therossfisher/honeypot-dashboard.git
   e5eb043..2d43721  main -> main
Collecting data at 2026-05-21 03:35:01
Data written to /home/admin/honeypot-dashboard/data.json
  Cowrie: 55 login attempts today
  Suricata: 486 alerts today
  DShield: 146 firewall hits today
[main b05f306] Auto update 2026-05-21 03:35
 1 file changed, 108 insertions(+), 108 deletions(-)
To https://github.com/therossfisher/honeypot-dashboard.git
   2d43721..b05f306  main -> main
Collecting data at 2026-05-21 03:40:01
Data written to /home/admin/honeypot-dashboard/data.json
  Cowrie: 56 login attempts today
  Suricata: 485 alerts today
  DShield: 149 firewall hits today
[main 89b6575] Auto update 2026-05-21 03:40
 1 file changed, 64 insertions(+), 64 deletions(-)
To https://github.com/therossfisher/honeypot-dashboard.git
   b05f306..89b6575  main -> main
Collecting data at 2026-05-21 03:45:02
Data written to /home/admin/honeypot-dashboard/data.json
  Cowrie: 56 login attempts today
  Suricata: 485 alerts today
  DShield: 149 firewall hits today
[main a257ce4] Auto update 2026-05-21 03:45
 1 file changed, 2 insertions(+), 2 deletions(-)
To https://github.com/therossfisher/honeypot-dashboard.git
   89b6575..a257ce4  main -> main
Collecting data at 2026-05-21 03:50:01
Data written to /home/admin/honeypot-dashboard/data.json
  Cowrie: 56 login attempts today
  Suricata: 484 alerts today
  DShield: 150 firewall hits today
[main eca5c24] Auto update 2026-05-21 03:50
 1 file changed, 10 insertions(+), 10 deletions(-)
To https://github.com/therossfisher/honeypot-dashboard.git
   a257ce4..eca5c24  main -> main
Collecting data at 2026-05-21 03:55:01
Data written to /home/admin/honeypot-dashboard/data.json
  Cowrie: 56 login attempts today
  Suricata: 483 alerts today
  DShield: 150 firewall hits today
[main 65d3d14] Auto update 2026-05-21 03:55
 1 file changed, 8 insertions(+), 8 deletions(-)
To https://github.com/therossfisher/honeypot-dashboard.git
   eca5c24..65d3d14  main -> main
Collecting data at 2026-05-21 04:00:01
Data written to /home/admin/honeypot-dashboard/data.json
  Cowrie: 56 login attempts today
  Suricata: 481 alerts today
  DShield: 154 firewall hits today
[main 0363852] Auto update 2026-05-21 04:00
 1 file changed, 58 insertions(+), 58 deletions(-)
To https://github.com/therossfisher/honeypot-dashboard.git
   65d3d14..0363852  main -> main
Collecting data at 2026-05-21 04:05:02
Data written to /home/admin/honeypot-dashboard/data.json
  Cowrie: 56 login attempts today
  Suricata: 481 alerts today
  DShield: 154 firewall hits today
[main 3d8169c] Auto update 2026-05-21 04:05
 1 file changed, 2 insertions(+), 2 deletions(-)
To https://github.com/therossfisher/honeypot-dashboard.git
   0363852..3d8169c  main -> main
Collecting data at 2026-05-21 04:10:01
Data written to /home/admin/honeypot-dashboard/data.json
  Cowrie: 56 login attempts today
  Suricata: 483 alerts today
  DShield: 156 firewall hits today
[main 583d612] Auto update 2026-05-21 04:10
 1 file changed, 35 insertions(+), 35 deletions(-)
To https://github.com/therossfisher/honeypot-dashboard.git
   3d8169c..583d612  main -> main
Collecting data at 2026-05-21 04:15:01
Data written to /home/admin/honeypot-dashboard/data.json
  Cowrie: 56 login attempts today
  Suricata: 482 alerts today
  DShield: 157 firewall hits today
[main 1c58365] Auto update 2026-05-21 04:15
 1 file changed, 23 insertions(+), 23 deletions(-)
To https://github.com/therossfisher/honeypot-dashboard.git
   583d612..1c58365  main -> main
Collecting data at 2026-05-21 04:20:01
Data written to /home/admin/honeypot-dashboard/data.json
  Cowrie: 56 login attempts today
  Suricata: 480 alerts today
  DShield: 159 firewall hits today
[main 0e64fe6] Auto update 2026-05-21 04:20
 1 file changed, 22 insertions(+), 22 deletions(-)
To https://github.com/therossfisher/honeypot-dashboard.git
   1c58365..0e64fe6  main -> main
Collecting data at 2026-05-21 04:25:01
Data written to /home/admin/honeypot-dashboard/data.json
  Cowrie: 56 login attempts today
  Suricata: 479 alerts today
  DShield: 160 firewall hits today
[main 4ea5d6d] Auto update 2026-05-21 04:25
 1 file changed, 19 insertions(+), 19 deletions(-)
To https://github.com/therossfisher/honeypot-dashboard.git
   0e64fe6..4ea5d6d  main -> main
Collecting data at 2026-05-21 04:30:02
Data written to /home/admin/honeypot-dashboard/data.json
  Cowrie: 56 login attempts today
  Suricata: 477 alerts today
  DShield: 161 firewall hits today
[main 9502524] Auto update 2026-05-21 04:30
 1 file changed, 22 insertions(+), 22 deletions(-)
To https://github.com/therossfisher/honeypot-dashboard.git
   4ea5d6d..9502524  main -> main
Collecting data at 2026-05-21 04:35:01
Data written to /home/admin/honeypot-dashboard/data.json
  Cowrie: 56 login attempts today
  Suricata: 475 alerts today
  DShield: 165 firewall hits today
[main 5866c8d] Auto update 2026-05-21 04:35
 1 file changed, 35 insertions(+), 35 deletions(-)
To https://github.com/therossfisher/honeypot-dashboard.git
   9502524..5866c8d  main -> main
Collecting data at 2026-05-21 04:40:02
Data written to /home/admin/honeypot-dashboard/data.json
  Cowrie: 56 login attempts today
  Suricata: 475 alerts today
  DShield: 166 firewall hits today
[main 112fc3b] Auto update 2026-05-21 04:40
 1 file changed, 29 insertions(+), 29 deletions(-)
To https://github.com/therossfisher/honeypot-dashboard.git
   5866c8d..112fc3b  main -> main
Collecting data at 2026-05-21 04:45:01
Data written to /home/admin/honeypot-dashboard/data.json
  Cowrie: 56 login attempts today
  Suricata: 470 alerts today
  DShield: 167 firewall hits today
[main 5a409fb] Auto update 2026-05-21 04:45
 1 file changed, 18 insertions(+), 18 deletions(-)
To https://github.com/therossfisher/honeypot-dashboard.git
   112fc3b..5a409fb  main -> main
Collecting data at 2026-05-21 04:50:01
Data written to /home/admin/honeypot-dashboard/data.json
  Cowrie: 56 login attempts today
  Suricata: 470 alerts today
  DShield: 167 firewall hits today
[main f77f731] Auto update 2026-05-21 04:50
 1 file changed, 2 insertions(+), 2 deletions(-)
To https://github.com/therossfisher/honeypot-dashboard.git
   5a409fb..f77f731  main -> main
Collecting data at 2026-05-21 04:55:01
Data written to /home/admin/honeypot-dashboard/data.json
  Cowrie: 56 login attempts today
  Suricata: 471 alerts today
  DShield: 168 firewall hits today
[main c757568] Auto update 2026-05-21 04:55
 1 file changed, 24 insertions(+), 24 deletions(-)
To https://github.com/therossfisher/honeypot-dashboard.git
   f77f731..c757568  main -> main
Collecting data at 2026-05-21 05:00:01
Data written to /home/admin/honeypot-dashboard/data.json
  Cowrie: 56 login attempts today
  Suricata: 470 alerts today
  DShield: 168 firewall hits today
[main f8260d3] Auto update 2026-05-21 05:00
 1 file changed, 6 insertions(+), 6 deletions(-)
To https://github.com/therossfisher/honeypot-dashboard.git
   c757568..f8260d3  main -> main
Collecting data at 2026-05-21 05:05:01
Data written to /home/admin/honeypot-dashboard/data.json
  Cowrie: 59 login attempts today
  Suricata: 473 alerts today
  DShield: 174 firewall hits today
[main bfaa345] Auto update 2026-05-21 05:05
 1 file changed, 110 insertions(+), 106 deletions(-)
To https://github.com/therossfisher/honeypot-dashboard.git
   f8260d3..bfaa345  main -> main
Collecting data at 2026-05-21 05:10:02
Data written to /home/admin/honeypot-dashboard/data.json
  Cowrie: 61 login attempts today
  Suricata: 475 alerts today
  DShield: 177 firewall hits today
[main cb528df] Auto update 2026-05-21 05:10
 1 file changed, 74 insertions(+), 65 deletions(-)
To https://github.com/therossfisher/honeypot-dashboard.git
   bfaa345..cb528df  main -> main
Collecting data at 2026-05-21 05:15:01
Data written to /home/admin/honeypot-dashboard/data.json
  Cowrie: 61 login attempts today
  Suricata: 475 alerts today
  DShield: 179 firewall hits today
[main 8a0ed5a] Auto update 2026-05-21 05:15
 1 file changed, 23 insertions(+), 23 deletions(-)
To https://github.com/therossfisher/honeypot-dashboard.git
   cb528df..8a0ed5a  main -> main
Collecting data at 2026-05-21 05:20:01
Data written to /home/admin/honeypot-dashboard/data.json
  Cowrie: 64 login attempts today
  Suricata: 474 alerts today
  DShield: 180 firewall hits today
[main 8431604] Auto update 2026-05-21 05:20
 1 file changed, 61 insertions(+), 61 deletions(-)
To https://github.com/therossfisher/honeypot-dashboard.git
   8a0ed5a..8431604  main -> main
Collecting data at 2026-05-21 05:25:01
Data written to /home/admin/honeypot-dashboard/data.json
  Cowrie: 64 login attempts today
  Suricata: 474 alerts today
  DShield: 182 firewall hits today
[main 89bd38a] Auto update 2026-05-21 05:25
 1 file changed, 32 insertions(+), 32 deletions(-)
To https://github.com/therossfisher/honeypot-dashboard.git
   8431604..89bd38a  main -> main
Collecting data at 2026-05-21 05:30:02
Data written to /home/admin/honeypot-dashboard/data.json
  Cowrie: 65 login attempts today
  Suricata: 474 alerts today
  DShield: 185 firewall hits today
[main fab7a35] Auto update 2026-05-21 05:30
 1 file changed, 43 insertions(+), 43 deletions(-)
To https://github.com/therossfisher/honeypot-dashboard.git
   89bd38a..fab7a35  main -> main
Collecting data at 2026-05-21 05:35:01
Data written to /home/admin/honeypot-dashboard/data.json
  Cowrie: 65 login attempts today
  Suricata: 472 alerts today
  DShield: 185 firewall hits today
[main 2411b92] Auto update 2026-05-21 05:35
 1 file changed, 8 insertions(+), 8 deletions(-)
To https://github.com/therossfisher/honeypot-dashboard.git
   fab7a35..2411b92  main -> main
Collecting data at 2026-05-21 05:40:01
Data written to /home/admin/honeypot-dashboard/data.json
  Cowrie: 65 login attempts today
  Suricata: 468 alerts today
  DShield: 187 firewall hits today
[main 41ab56c] Auto update 2026-05-21 05:40
 1 file changed, 22 insertions(+), 22 deletions(-)
To https://github.com/therossfisher/honeypot-dashboard.git
   2411b92..41ab56c  main -> main
Collecting data at 2026-05-21 05:45:01
Data written to /home/admin/honeypot-dashboard/data.json
  Cowrie: 65 login attempts today
  Suricata: 468 alerts today
  DShield: 187 firewall hits today
[main fdc3b6e] Auto update 2026-05-21 05:45
 1 file changed, 2 insertions(+), 2 deletions(-)
To https://github.com/therossfisher/honeypot-dashboard.git
   41ab56c..fdc3b6e  main -> main
Collecting data at 2026-05-21 05:50:01
Data written to /home/admin/honeypot-dashboard/data.json
  Cowrie: 65 login attempts today
  Suricata: 470 alerts today
  DShield: 189 firewall hits today
[main 8c412de] Auto update 2026-05-21 05:50
 1 file changed, 35 insertions(+), 35 deletions(-)
To https://github.com/therossfisher/honeypot-dashboard.git
   fdc3b6e..8c412de  main -> main
Collecting data at 2026-05-21 05:55:02
Data written to /home/admin/honeypot-dashboard/data.json
  Cowrie: 66 login attempts today
  Suricata: 470 alerts today
  DShield: 191 firewall hits today
[main 8a7086f] Auto update 2026-05-21 05:55
 1 file changed, 61 insertions(+), 61 deletions(-)
To https://github.com/therossfisher/honeypot-dashboard.git
   8c412de..8a7086f  main -> main
Collecting data at 2026-05-21 06:00:01
Data written to /home/admin/honeypot-dashboard/data.json
  Cowrie: 66 login attempts today
  Suricata: 468 alerts today
  DShield: 191 firewall hits today
[main 17124d6] Auto update 2026-05-21 06:00
 1 file changed, 6 insertions(+), 6 deletions(-)
To https://github.com/therossfisher/honeypot-dashboard.git
   8a7086f..17124d6  main -> main
Collecting data at 2026-05-21 06:05:01
Data written to /home/admin/honeypot-dashboard/data.json
  Cowrie: 66 login attempts today
  Suricata: 466 alerts today
  DShield: 192 firewall hits today
[main 5208555] Auto update 2026-05-21 06:05
 1 file changed, 20 insertions(+), 20 deletions(-)
To https://github.com/therossfisher/honeypot-dashboard.git
   17124d6..5208555  main -> main
Collecting data at 2026-05-21 06:10:01
Data written to /home/admin/honeypot-dashboard/data.json
  Cowrie: 67 login attempts today
  Suricata: 468 alerts today
  DShield: 196 firewall hits today
[main c9260e3] Auto update 2026-05-21 06:10
 1 file changed, 56 insertions(+), 56 deletions(-)
To https://github.com/therossfisher/honeypot-dashboard.git
   5208555..c9260e3  main -> main
Collecting data at 2026-05-21 06:15:02
Data written to /home/admin/honeypot-dashboard/data.json
  Cowrie: 67 login attempts today
  Suricata: 467 alerts today
  DShield: 198 firewall hits today
[main cf7b946] Auto update 2026-05-21 06:15
 1 file changed, 37 insertions(+), 37 deletions(-)
To https://github.com/therossfisher/honeypot-dashboard.git
   c9260e3..cf7b946  main -> main
Collecting data at 2026-05-21 06:20:01
Data written to /home/admin/honeypot-dashboard/data.json
  Cowrie: 67 login attempts today
  Suricata: 463 alerts today
  DShield: 198 firewall hits today
[main 1caf9a3] Auto update 2026-05-21 06:20
 1 file changed, 9 insertions(+), 9 deletions(-)
To https://github.com/therossfisher/honeypot-dashboard.git
   cf7b946..1caf9a3  main -> main
Collecting data at 2026-05-21 06:25:02
Data written to /home/admin/honeypot-dashboard/data.json
  Cowrie: 67 login attempts today
  Suricata: 462 alerts today
  DShield: 198 firewall hits today
[main 45dc713] Auto update 2026-05-21 06:25
 1 file changed, 4 insertions(+), 4 deletions(-)
To https://github.com/therossfisher/honeypot-dashboard.git
   1caf9a3..45dc713  main -> main
Collecting data at 2026-05-21 06:30:01
Data written to /home/admin/honeypot-dashboard/data.json
  Cowrie: 67 login attempts today
  Suricata: 460 alerts today
  DShield: 199 firewall hits today
[main 9919cdd] Auto update 2026-05-21 06:30
 1 file changed, 14 insertions(+), 14 deletions(-)
To https://github.com/therossfisher/honeypot-dashboard.git
   45dc713..9919cdd  main -> main
Collecting data at 2026-05-21 06:35:01
Data written to /home/admin/honeypot-dashboard/data.json
  Cowrie: 67 login attempts today
  Suricata: 459 alerts today
  DShield: 201 firewall hits today
[main 21d3282] Auto update 2026-05-21 06:35
 1 file changed, 15 insertions(+), 15 deletions(-)
To https://github.com/therossfisher/honeypot-dashboard.git
   9919cdd..21d3282  main -> main
Collecting data at 2026-05-21 06:40:01
Data written to /home/admin/honeypot-dashboard/data.json
  Cowrie: 67 login attempts today
  Suricata: 460 alerts today
  DShield: 203 firewall hits today
[main 1b4abfa] Auto update 2026-05-21 06:40
 1 file changed, 25 insertions(+), 25 deletions(-)
To https://github.com/therossfisher/honeypot-dashboard.git
   21d3282..1b4abfa  main -> main
Collecting data at 2026-05-21 06:45:01
Data written to /home/admin/honeypot-dashboard/data.json
  Cowrie: 68 login attempts today
  Suricata: 460 alerts today
  DShield: 206 firewall hits today
[main d4dccd8] Auto update 2026-05-21 06:45
 1 file changed, 38 insertions(+), 38 deletions(-)
To https://github.com/therossfisher/honeypot-dashboard.git
   1b4abfa..d4dccd8  main -> main
Collecting data at 2026-05-21 06:50:01
Data written to /home/admin/honeypot-dashboard/data.json
  Cowrie: 69 login attempts today
  Suricata: 463 alerts today
  DShield: 211 firewall hits today
[main de6a9dd] Auto update 2026-05-21 06:50
 1 file changed, 73 insertions(+), 73 deletions(-)
To https://github.com/therossfisher/honeypot-dashboard.git
   d4dccd8..de6a9dd  main -> main
Collecting data at 2026-05-21 06:55:01
Data written to /home/admin/honeypot-dashboard/data.json
  Cowrie: 69 login attempts today
  Suricata: 459 alerts today
  DShield: 211 firewall hits today
[main a82054c] Auto update 2026-05-21 06:55
 1 file changed, 8 insertions(+), 8 deletions(-)
To https://github.com/therossfisher/honeypot-dashboard.git
   de6a9dd..a82054c  main -> main
Collecting data at 2026-05-21 07:00:01
Data written to /home/admin/honeypot-dashboard/data.json
  Cowrie: 69 login attempts today
  Suricata: 459 alerts today
  DShield: 212 firewall hits today
[main 0f6870c] Auto update 2026-05-21 07:00
 1 file changed, 9 insertions(+), 9 deletions(-)
To https://github.com/therossfisher/honeypot-dashboard.git
   a82054c..0f6870c  main -> main
sudo: a terminal is required to read the password; either use the -S option to read from standard input or configure an askpass helper
sudo: a password is required
On branch main
Your branch is up to date with 'origin/main'.

Untracked files:
  (use "git add <file>..." to include in what will be committed)
	update.log
	update_dashboard.sh

nothing added to commit but untracked files present (use "git add" to track)
Everything up-to-date
sudo: a terminal is required to read the password; either use the -S option to read from standard input or configure an askpass helper
sudo: a password is required
On branch main
Your branch is up to date with 'origin/main'.

Untracked files:
  (use "git add <file>..." to include in what will be committed)
	update.log
	update_dashboard.sh

nothing added to commit but untracked files present (use "git add" to track)
Everything up-to-date
sudo: a terminal is required to read the password; either use the -S option to read from standard input or configure an askpass helper
sudo: a password is required
On branch main
Your branch is up to date with 'origin/main'.

Untracked files:
  (use "git add <file>..." to include in what will be committed)
	update.log
	update_dashboard.sh

nothing added to commit but untracked files present (use "git add" to track)
Everything up-to-date
sudo: a terminal is required to read the password; either use the -S option to read from standard input or configure an askpass helper
sudo: a password is required
On branch main
Your branch is up to date with 'origin/main'.

Untracked files:
  (use "git add <file>..." to include in what will be committed)
	update.log
	update_dashboard.sh

nothing added to commit but untracked files present (use "git add" to track)
Everything up-to-date
sudo: a terminal is required to read the password; either use the -S option to read from standard input or configure an askpass helper
sudo: a password is required
On branch main
Your branch is up to date with 'origin/main'.

Untracked files:
  (use "git add <file>..." to include in what will be committed)
	update.log
	update_dashboard.sh

nothing added to commit but untracked files present (use "git add" to track)
Everything up-to-date
sudo: a terminal is required to read the password; either use the -S option to read from standard input or configure an askpass helper
sudo: a password is required
On branch main
Your branch is up to date with 'origin/main'.

Untracked files:
  (use "git add <file>..." to include in what will be committed)
	update.log
	update_dashboard.sh

nothing added to commit but untracked files present (use "git add" to track)
Everything up-to-date
sudo: a terminal is required to read the password; either use the -S option to read from standard input or configure an askpass helper
sudo: a password is required
On branch main
Your branch is up to date with 'origin/main'.

Untracked files:
  (use "git add <file>..." to include in what will be committed)
	update.log
	update_dashboard.sh

nothing added to commit but untracked files present (use "git add" to track)
Everything up-to-date
sudo: a terminal is required to read the password; either use the -S option to read from standard input or configure an askpass helper
sudo: a password is required
On branch main
Your branch is up to date with 'origin/main'.

Untracked files:
  (use "git add <file>..." to include in what will be committed)
	update.log
	update_dashboard.sh

nothing added to commit but untracked files present (use "git add" to track)
Everything up-to-date
sudo: a terminal is required to read the password; either use the -S option to read from standard input or configure an askpass helper
sudo: a password is required
On branch main
Your branch is up to date with 'origin/main'.

Untracked files:
  (use "git add <file>..." to include in what will be committed)
	update.log
	update_dashboard.sh

nothing added to commit but untracked files present (use "git add" to track)
Everything up-to-date
sudo: a terminal is required to read the password; either use the -S option to read from standard input or configure an askpass helper
sudo: a password is required
On branch main
Your branch is up to date with 'origin/main'.

Untracked files:
  (use "git add <file>..." to include in what will be committed)
	update.log
	update_dashboard.sh

nothing added to commit but untracked files present (use "git add" to track)
Everything up-to-date
sudo: a terminal is required to read the password; either use the -S option to read from standard input or configure an askpass helper
sudo: a password is required
On branch main
Your branch is up to date with 'origin/main'.

Untracked files:
  (use "git add <file>..." to include in what will be committed)
	update.log
	update_dashboard.sh

nothing added to commit but untracked files present (use "git add" to track)
Everything up-to-date
sudo: a terminal is required to read the password; either use the -S option to read from standard input or configure an askpass helper
sudo: a password is required
On branch main
Your branch is up to date with 'origin/main'.

Untracked files:
  (use "git add <file>..." to include in what will be committed)
	update.log
	update_dashboard.sh

nothing added to commit but untracked files present (use "git add" to track)
Everything up-to-date
sudo: a terminal is required to read the password; either use the -S option to read from standard input or configure an askpass helper
sudo: a password is required
On branch main
Your branch is up to date with 'origin/main'.

Untracked files:
  (use "git add <file>..." to include in what will be committed)
	update.log
	update_dashboard.sh

nothing added to commit but untracked files present (use "git add" to track)
Everything up-to-date
sudo: a terminal is required to read the password; either use the -S option to read from standard input or configure an askpass helper
sudo: a password is required
On branch main
Your branch is up to date with 'origin/main'.

Untracked files:
  (use "git add <file>..." to include in what will be committed)
	update.log
	update_dashboard.sh

nothing added to commit but untracked files present (use "git add" to track)
Everything up-to-date
sudo: a terminal is required to read the password; either use the -S option to read from standard input or configure an askpass helper
sudo: a password is required
On branch main
Your branch is up to date with 'origin/main'.

Untracked files:
  (use "git add <file>..." to include in what will be committed)
	update.log
	update_dashboard.sh

nothing added to commit but untracked files present (use "git add" to track)
Everything up-to-date
sudo: a terminal is required to read the password; either use the -S option to read from standard input or configure an askpass helper
sudo: a password is required
On branch main
Your branch is up to date with 'origin/main'.

Untracked files:
  (use "git add <file>..." to include in what will be committed)
	update.log
	update_dashboard.sh

nothing added to commit but untracked files present (use "git add" to track)
Everything up-to-date
sudo: a terminal is required to read the password; either use the -S option to read from standard input or configure an askpass helper
sudo: a password is required
On branch main
Your branch is up to date with 'origin/main'.

Untracked files:
  (use "git add <file>..." to include in what will be committed)
	update.log
	update_dashboard.sh

nothing added to commit but untracked files present (use "git add" to track)
Everything up-to-date
sudo: a terminal is required to read the password; either use the -S option to read from standard input or configure an askpass helper
sudo: a password is required
On branch main
Your branch is up to date with 'origin/main'.

Untracked files:
  (use "git add <file>..." to include in what will be committed)
	update.log
	update_dashboard.sh

nothing added to commit but untracked files present (use "git add" to track)
Everything up-to-date
sudo: a terminal is required to read the password; either use the -S option to read from standard input or configure an askpass helper
sudo: a password is required
On branch main
Your branch is up to date with 'origin/main'.

Untracked files:
  (use "git add <file>..." to include in what will be committed)
	update.log
	update_dashboard.sh

nothing added to commit but untracked files present (use "git add" to track)
Everything up-to-date
sudo: a terminal is required to read the password; either use the -S option to read from standard input or configure an askpass helper
sudo: a password is required
On branch main
Your branch is up to date with 'origin/main'.

Untracked files:
  (use "git add <file>..." to include in what will be committed)
	update.log
	update_dashboard.sh

nothing added to commit but untracked files present (use "git add" to track)
Everything up-to-date
sudo: a terminal is required to read the password; either use the -S option to read from standard input or configure an askpass helper
sudo: a password is required
On branch main
Your branch is up to date with 'origin/main'.

Untracked files:
  (use "git add <file>..." to include in what will be committed)
	update.log
	update_dashboard.sh

nothing added to commit but untracked files present (use "git add" to track)
Everything up-to-date
sudo: a terminal is required to read the password; either use the -S option to read from standard input or configure an askpass helper
sudo: a password is required
On branch main
Your branch is up to date with 'origin/main'.

Untracked files:
  (use "git add <file>..." to include in what will be committed)
	update.log
	update_dashboard.sh

nothing added to commit but untracked files present (use "git add" to track)
Everything up-to-date
sudo: a terminal is required to read the password; either use the -S option to read from standard input or configure an askpass helper
sudo: a password is required
On branch main
Your branch is up to date with 'origin/main'.

Untracked files:
  (use "git add <file>..." to include in what will be committed)
	update.log
	update_dashboard.sh

nothing added to commit but untracked files present (use "git add" to track)
Everything up-to-date
sudo: a terminal is required to read the password; either use the -S option to read from standard input or configure an askpass helper
sudo: a password is required
On branch main
Your branch is up to date with 'origin/main'.

Untracked files:
  (use "git add <file>..." to include in what will be committed)
	update.log
	update_dashboard.sh

nothing added to commit but untracked files present (use "git add" to track)
Everything up-to-date
sudo: a terminal is required to read the password; either use the -S option to read from standard input or configure an askpass helper
sudo: a password is required
On branch main
Your branch is up to date with 'origin/main'.

Untracked files:
  (use "git add <file>..." to include in what will be committed)
	update.log
	update_dashboard.sh

nothing added to commit but untracked files present (use "git add" to track)
Everything up-to-date
sudo: a terminal is required to read the password; either use the -S option to read from standard input or configure an askpass helper
sudo: a password is required
On branch main
Your branch is up to date with 'origin/main'.

Untracked files:
  (use "git add <file>..." to include in what will be committed)
	update.log
	update_dashboard.sh

nothing added to commit but untracked files present (use "git add" to track)
Everything up-to-date
sudo: a terminal is required to read the password; either use the -S option to read from standard input or configure an askpass helper
sudo: a password is required
On branch main
Your branch is up to date with 'origin/main'.

Untracked files:
  (use "git add <file>..." to include in what will be committed)
	update.log
	update_dashboard.sh

nothing added to commit but untracked files present (use "git add" to track)
Everything up-to-date
sudo: a terminal is required to read the password; either use the -S option to read from standard input or configure an askpass helper
sudo: a password is required
On branch main
Your branch is up to date with 'origin/main'.

Untracked files:
  (use "git add <file>..." to include in what will be committed)
	update.log
	update_dashboard.sh

nothing added to commit but untracked files present (use "git add" to track)
Everything up-to-date
sudo: a terminal is required to read the password; either use the -S option to read from standard input or configure an askpass helper
sudo: a password is required
On branch main
Your branch is up to date with 'origin/main'.

Untracked files:
  (use "git add <file>..." to include in what will be committed)
	update.log
	update_dashboard.sh

nothing added to commit but untracked files present (use "git add" to track)
Everything up-to-date
Collecting data at 2026-05-21 09:35:01
Data written to /home/admin/honeypot-dashboard/data.json
  Cowrie: 178 login attempts today
  Suricata: 448 alerts today
  DShield: 391 firewall hits today
[main e621c59] Auto update 2026-05-21 09:35
 1 file changed, 287 insertions(+), 287 deletions(-)
To https://github.com/therossfisher/honeypot-dashboard.git
   0f6870c..e621c59  main -> main
